#-----------------------------------------------------------
# Vivado v2025.1 (64-bit)
# SW Build 6140274 on Thu May 22 00:12:29 MDT 2025
# IP Build 6138677 on Thu May 22 03:10:11 MDT 2025
# SharedData Build 6139179 on Tue May 20 17:58:58 MDT 2025
# Start of session at: Sat Jul 19 22:16:46 2025
# Process ID         : 40100
# Current directory  : H:/Vivado/NextVideo/NextVideo.runs/c_counter_binary_0_synth_1
# Command line       : vivado.exe -log c_counter_binary_0.vds -product Vivado -mode batch -messageDb vivado.pb -notrace -source c_counter_binary_0.tcl
# Log file           : H:/Vivado/NextVideo/NextVideo.runs/c_counter_binary_0_synth_1/c_counter_binary_0.vds
# Journal file       : H:/Vivado/NextVideo/NextVideo.runs/c_counter_binary_0_synth_1\vivado.jou
# Running On         : Omega
# Platform           : Windows Server 2016 or Windows 10
# Operating System   : 26100
# Processor Detail   : AMD Ryzen 7 2700X Eight-Core Processor         
# CPU Frequency      : 3993 MHz
# CPU Physical cores : 8
# CPU Logical cores  : 16
# Host memory        : 68639 MB
# Swap memory        : 4294 MB
# Total Virtual      : 72934 MB
# Available Virtual  : 39713 MB
#-----------------------------------------------------------
source c_counter_binary_0.tcl -notrace
