#-----------------------------------------------------------
# Vivado v2025.1 (64-bit)
# SW Build 6140274 on Thu May 22 00:12:29 MDT 2025
# IP Build 6138677 on Thu May 22 03:10:11 MDT 2025
# SharedData Build 6139179 on Tue May 20 17:58:58 MDT 2025
# Start of session at: Fri Aug 22 15:59:19 2025
# Process ID         : 42760
# Current directory  : E:/Users/Julian/Documents/Vivado/6847Next/NextVideo.runs/impl_1
# Command line       : vivado.exe -log nextvideo.vdi -applog -product Vivado -messageDb vivado.pb -mode batch -source nextvideo.tcl -notrace
# Log file           : E:/Users/Julian/Documents/Vivado/6847Next/NextVideo.runs/impl_1/nextvideo.vdi
# Journal file       : E:/Users/Julian/Documents/Vivado/6847Next/NextVideo.runs/impl_1\vivado.jou
# Running On         : DevStation11
# Platform           : Windows Server 2016 or Windows 10
# Operating System   : 26100
# Processor Detail   : 11th Gen Intel(R) Core(TM) i7-11700 @ 2.50GHz
# CPU Frequency      : 2496 MHz
# CPU Physical cores : 8
# CPU Logical cores  : 16
# Host memory        : 34189 MB
# Swap memory        : 77309 MB
# Total Virtual      : 111498 MB
# Available Virtual  : 60874 MB
#-----------------------------------------------------------
source nextvideo.tcl -notrace
